#-----------------------------------------------------------
# Vivado v2023.2 (64-bit)
# SW Build 4029153 on Fri Oct 13 20:14:34 MDT 2023
# IP Build 4028589 on Sat Oct 14 00:45:43 MDT 2023
# SharedData Build 4025554 on Tue Oct 10 17:18:54 MDT 2023
# Start of session at: Fri Apr 25 22:39:09 2025
# Process ID: 41956
# Current directory: C:/Users/giovi/OneDrive/Desktop/Magistrale/Tesi/TestingDPU_FP32e8m23flopoco/project_1
# Command line: vivado.exe -gui_launcher_event rodinguilauncherevent35512 C:\Users\giovi\OneDrive\Desktop\Magistrale\Tesi\TestingDPU_FP32e8m23flopoco\project_1\project_1.xpr
# Log file: C:/Users/giovi/OneDrive/Desktop/Magistrale/Tesi/TestingDPU_FP32e8m23flopoco/project_1/vivado.log
# Journal file: C:/Users/giovi/OneDrive/Desktop/Magistrale/Tesi/TestingDPU_FP32e8m23flopoco/project_1\vivado.jou
# Running On: BOOK-CI84SRJIDA, OS: Windows, CPU Frequency: 2189 MHz, CPU Physical cores: 12, Host memory: 8264 MB
#-----------------------------------------------------------
start_gui
open_project C:/Users/giovi/OneDrive/Desktop/Magistrale/Tesi/TestingDPU_FP32e8m23flopoco/project_1/project_1.xpr
close [ open C:/Users/giovi/OneDrive/Desktop/Magistrale/Tesi/TestingDPU_FP32e8m23flopoco/FMA_FP32e8m23flopoco.vhd w ]
add_files C:/Users/giovi/OneDrive/Desktop/Magistrale/Tesi/TestingDPU_FP32e8m23flopoco/FMA_FP32e8m23flopoco.vhd
update_compile_order -fileset sources_1
set_property SOURCE_SET sources_1 [get_filesets sim_1]
close [ open C:/Users/giovi/OneDrive/Desktop/Magistrale/Tesi/TestingDPU_FP32e8m23flopoco/FMA_FP32e8m23flopoco_TB.vhd w ]
add_files -fileset sim_1 C:/Users/giovi/OneDrive/Desktop/Magistrale/Tesi/TestingDPU_FP32e8m23flopoco/FMA_FP32e8m23flopoco_TB.vhd
update_compile_order -fileset sim_1
update_compile_order -fileset sim_1
update_compile_order -fileset sim_1
update_compile_order -fileset sim_1
set_property -name {xsim.simulate.runtime} -value {1000000ns} -objects [get_filesets sim_1]
launch_simulation
source TestBench_IEEEFPFMA_8_23_comb_uid2_comb_uid10.tcl
close_sim
launch_simulation
source TestBench_IEEEFPFMA_8_23_comb_uid2_comb_uid10.tcl
close_sim
close [ open C:/Users/giovi/OneDrive/Desktop/Magistrale/Tesi/TestingDPU_FP32e8m23flopoco/DPU_FP32e8m23flopoco.vhd w ]
add_files C:/Users/giovi/OneDrive/Desktop/Magistrale/Tesi/TestingDPU_FP32e8m23flopoco/DPU_FP32e8m23flopoco.vhd
update_compile_order -fileset sources_1
update_compile_order -fileset sources_1
set_property SOURCE_SET sources_1 [get_filesets sim_1]
close [ open C:/Users/giovi/OneDrive/Desktop/Magistrale/Tesi/TestingDPU_FP32e8m23flopoco/DPU_FP32e8m23flopoco_TB.vhd w ]
add_files -fileset sim_1 C:/Users/giovi/OneDrive/Desktop/Magistrale/Tesi/TestingDPU_FP32e8m23flopoco/DPU_FP32e8m23flopoco_TB.vhd
update_compile_order -fileset sim_1
set_property top FP32Dpu_tb [get_filesets sim_1]
set_property top_lib xil_defaultlib [get_filesets sim_1]
update_compile_order -fileset sim_1
launch_simulation
launch_simulation
source FP32Dpu_tb.tcl
close_sim
