#-----------------------------------------------------------
# Vivado v2023.2 (64-bit)
# SW Build 4029153 on Fri Oct 13 20:14:34 MDT 2023
# IP Build 4028589 on Sat Oct 14 00:45:43 MDT 2023
# SharedData Build 4025554 on Tue Oct 10 17:18:54 MDT 2023
# Start of session at: Wed Mar 26 10:05:44 2025
# Process ID: 18108
# Current directory: C:/Users/giovi/OneDrive/Desktop/Magistrale/Tesi/TestingDPU_INT/INT_DPU
# Command line: vivado.exe -gui_launcher_event rodinguilauncherevent19672 C:\Users\giovi\OneDrive\Desktop\Magistrale\Tesi\TestingDPU_INT\INT_DPU\INT_DPU.xpr
# Log file: C:/Users/giovi/OneDrive/Desktop/Magistrale/Tesi/TestingDPU_INT/INT_DPU/vivado.log
# Journal file: C:/Users/giovi/OneDrive/Desktop/Magistrale/Tesi/TestingDPU_INT/INT_DPU\vivado.jou
# Running On: BOOK-CI84SRJIDA, OS: Windows, CPU Frequency: 2189 MHz, CPU Physical cores: 12, Host memory: 8264 MB
#-----------------------------------------------------------
start_guioopen_project C:/Users/giovi/OneDrive/Desktop/Magistrale/Tesi/TestingDPU_INT/INT_DPU/INT_DPU.xpr
launch_simulation
source DPU_TOP_INT_TB.tcl
close_sim
